$ python scripts/compare.py

載入 cohort（收聽特徵：啟用）...
  收聽特徵覆蓋 feb 81.56% · mar 82.01%
  訓練 feb 992,912 列 × 61 特徵，流失率 6.3915%
  驗證 mar 970,959 列 × 61 特徵，流失率 8.9941%
  feb 內部切分：訓練 794,329 · early stopping 198,583

[1/3] lightgbm 訓練中...
[LightGBM] [Warning] Met negative value in categorical features, will convert it to NaN
[LightGBM] [Warning] Met negative value in categorical features, will convert it to NaN
[LightGBM] [Warning] Met negative value in categorical features, will convert it to NaN
[LightGBM] [Warning] Met negative value in categorical features, will convert it to NaN
      → mar log loss 0.15705　停在第 498 輪　(11 秒)

[2/3] xgboost 訓練中...
      → mar log loss 0.15726　停在第 399 輪　(26 秒)

[3/3] catboost 訓練中...
      → mar log loss 0.15367　停在第 1404 輪　(233 秒)

==============================================================================
M3 · 三方比較（同一份特徵、同一個 Feb→Mar 切分、同一塊 early stopping 驗證集）
==============================================================================
shape: (4, 8)
┌──────────┬──────┬──────────────┬───────────────┬──────────┬──────────┬─────────────┬─────┐
│ 模型     ┆ 輪數 ┆ Mar log loss ┆ 相對 LightGBM ┆ 重複用戶 ┆ 新進用戶 ┆ vs 常數基準 ┆ 秒  │
│ ---      ┆ ---  ┆ ---          ┆ ---           ┆ ---      ┆ ---      ┆ ---         ┆ --- │
│ str      ┆ i64  ┆ f64          ┆ f64           ┆ f64      ┆ f64      ┆ f64         ┆ i64 │
╞══════════╪══════╪══════════════╪═══════════════╪══════════╪══════════╪═════════════╪═════╡
│ LightGBM ┆ 498  ┆ 0.15705      ┆ 0.0           ┆ 0.11854  ┆ 0.53746  ┆ 0.4892      ┆ 11  │
│ XGBoost  ┆ 399  ┆ 0.15726      ┆ 0.00132       ┆ 0.11878  ┆ 0.53737  ┆ 0.4885      ┆ 26  │
│ CatBoost ┆ 1404 ┆ 0.15367      ┆ -0.02155      ┆ 0.1166   ┆ 0.51978  ┆ 0.5002      ┆ 233 │
│ 三者平均 ┆ 0    ┆ 0.15459      ┆ -0.01568      ┆ 0.11719  ┆ 0.524    ┆ 0.4972      ┆ 270 │
└──────────┴──────┴──────────────┴───────────────┴──────────┴──────────┴─────────────┴─────┘

常數基準 0.30746（SPEC §3.3）
最佳：CatBoost　0.15367
三家極差：0.00359（2.34%）

--- 特徵重要度排名一致性（三家的排名，依平均排名排序）---
shape: (15, 5)
┌────────────────────────┬──────────┬─────────┬──────────┬───────────┐
│ feature                ┆ LightGBM ┆ XGBoost ┆ CatBoost ┆ 平均排名  │
│ ---                    ┆ ---      ┆ ---     ┆ ---      ┆ ---       │
│ str                    ┆ i32      ┆ i32     ┆ i32      ┆ f64       │
╞════════════════════════╪══════════╪═════════╪══════════╪═══════════╡
│ last_is_cancel         ┆ 1        ┆ 1       ┆ 2        ┆ 1.333333  │
│ days_since_last_tx     ┆ 3        ┆ 3       ┆ 1        ┆ 2.333333  │
│ last_is_auto_renew     ┆ 2        ┆ 2       ┆ 3        ┆ 2.333333  │
│ last_payment_method_id ┆ 4        ┆ 4       ┆ 6        ┆ 4.666667  │
│ cancel_rate            ┆ 6        ┆ 6       ┆ 8        ┆ 6.666667  │
│ log90_active_days      ┆ 5        ┆ 5       ┆ 14       ┆ 8.0       │
│ n_tx                   ┆ 9        ┆ 11      ┆ 5        ┆ 8.333333  │
│ last_price             ┆ 13       ┆ 10      ┆ 9        ┆ 10.666667 │
│ city                   ┆ 18       ┆ 9       ┆ 7        ┆ 11.333333 │
│ last_paid              ┆ 7        ┆ 7       ┆ 20       ┆ 11.333333 │
│ price_per_day          ┆ 16       ┆ 15      ┆ 4        ┆ 11.666667 │
│ mean_paid              ┆ 10       ┆ 16      ┆ 12       ┆ 12.666667 │
│ tenure_days            ┆ 14       ┆ 14      ┆ 11       ┆ 13.0      │
│ log_min_days_before    ┆ 8        ┆ 8       ┆ 24       ┆ 13.333333 │
│ log_trend_7_30         ┆ 11       ┆ 12      ┆ 28       ┆ 17.0      │
└────────────────────────┴──────────┴─────────┴──────────┴───────────┘

注意：三家的 gain 定義不同（分裂增益 / total_gain / PredictionValuesChange），
只有排名可比，絕對值不可比。

MLflow 已記錄 4 個 run（用 make mlflow 檢視）


--- stderr ---
