$ python scripts/reverse_validation.py


==============================================================================
Feb → Mar（SPEC §4.2 正向）
==============================================================================
載入 cohort（收聽特徵：啟用）...
  收聽特徵覆蓋 feb 81.56% · mar 82.01%
  訓練 feb 992,912 列 × 61 特徵，流失率 6.3915%
  驗證 mar 970,959 列 × 61 特徵，流失率 8.9941%
  feb 內部切分：訓練 794,329 · early stopping 198,583

[1/3] lightgbm 訓練中...
[LightGBM] [Warning] Met negative value in categorical features, will convert it to NaN
[LightGBM] [Warning] Met negative value in categorical features, will convert it to NaN
[LightGBM] [Warning] Met negative value in categorical features, will convert it to NaN
[LightGBM] [Warning] Met negative value in categorical features, will convert it to NaN
      → mar log loss 0.15705　停在第 498 輪　(11 秒)

[2/3] xgboost 訓練中...
      → mar log loss 0.15726　停在第 399 輪　(25 秒)

[3/3] catboost 訓練中...
      → mar log loss 0.15367　停在第 1404 輪　(233 秒)

shape: (4, 8)
┌──────────┬──────┬──────────┬──────────┬────────────┬──────────────┬─────────────┬─────┐
│ 模型     ┆ 輪數 ┆ log loss ┆ 相對最佳 ┆ 訓練時看過 ┆ 訓練時沒看過 ┆ vs 常數基準 ┆ 秒  │
│ ---      ┆ ---  ┆ ---      ┆ ---      ┆ ---        ┆ ---          ┆ ---         ┆ --- │
│ str      ┆ i64  ┆ f64      ┆ f64      ┆ f64        ┆ f64          ┆ f64         ┆ i64 │
╞══════════╪══════╪══════════╪══════════╪════════════╪══════════════╪═════════════╪═════╡
│ LightGBM ┆ 498  ┆ 0.15705  ┆ 0.02202  ┆ 0.11854    ┆ 0.53746      ┆ 0.4892      ┆ 11  │
│ XGBoost  ┆ 399  ┆ 0.15726  ┆ 0.02337  ┆ 0.11878    ┆ 0.53737      ┆ 0.4885      ┆ 25  │
│ CatBoost ┆ 1404 ┆ 0.15367  ┆ 0.0      ┆ 0.1166     ┆ 0.51978      ┆ 0.5002      ┆ 233 │
│ 三者平均 ┆ 0    ┆ 0.15459  ┆ 0.006    ┆ 0.11719    ┆ 0.524        ┆ 0.4972      ┆ 269 │
└──────────┴──────┴──────────┴──────────┴────────────┴──────────────┴─────────────┴─────┘
常數基準 0.30746

==============================================================================
Mar → Feb（穩健性探測）
==============================================================================
載入 cohort（收聽特徵：啟用）...
  收聽特徵覆蓋 mar 82.01% · feb 81.56%
  訓練 mar 970,959 列 × 61 特徵，流失率 8.9941%
  驗證 feb 992,912 列 × 61 特徵，流失率 6.3915%
  mar 內部切分：訓練 776,767 · early stopping 194,192

[1/3] lightgbm 訓練中...
[LightGBM] [Warning] Met negative value in categorical features, will convert it to NaN
[LightGBM] [Warning] Met negative value in categorical features, will convert it to NaN
[LightGBM] [Warning] Met negative value in categorical features, will convert it to NaN
[LightGBM] [Warning] Met negative value in categorical features, will convert it to NaN
      → feb log loss 0.11693　停在第 970 輪　(17 秒)

[2/3] xgboost 訓練中...
      → feb log loss 0.11717　停在第 826 輪　(44 秒)

[3/3] catboost 訓練中...
      → feb log loss 0.11499　停在第 1995 輪　(312 秒)

shape: (4, 8)
┌──────────┬──────┬──────────┬──────────┬────────────┬──────────────┬─────────────┬─────┐
│ 模型     ┆ 輪數 ┆ log loss ┆ 相對最佳 ┆ 訓練時看過 ┆ 訓練時沒看過 ┆ vs 常數基準 ┆ 秒  │
│ ---      ┆ ---  ┆ ---      ┆ ---      ┆ ---        ┆ ---          ┆ ---         ┆ --- │
│ str      ┆ i64  ┆ f64      ┆ f64      ┆ f64        ┆ f64          ┆ f64         ┆ i64 │
╞══════════╪══════╪══════════╪══════════╪════════════╪══════════════╪═════════════╪═════╡
│ LightGBM ┆ 970  ┆ 0.11693  ┆ 0.01683  ┆ 0.05941    ┆ 0.57289      ┆ 0.5172      ┆ 17  │
│ XGBoost  ┆ 826  ┆ 0.11717  ┆ 0.01897  ┆ 0.05953    ┆ 0.57413      ┆ 0.5161      ┆ 44  │
│ CatBoost ┆ 1995 ┆ 0.11499  ┆ 0.0      ┆ 0.05802    ┆ 0.56663      ┆ 0.5251      ┆ 312 │
│ 三者平均 ┆ 0    ┆ 0.11517  ┆ 0.00151  ┆ 0.05861    ┆ 0.56352      ┆ 0.5244      ┆ 373 │
└──────────┴──────┴──────────┴──────────┴────────────┴──────────────┴─────────────┴─────┘
常數基準 0.24217

==============================================================================
穩健性：兩個方向的排名是否一致
==============================================================================
shape: (4, 6)
┌──────────┬───────────────┬──────────┬───────────────┬──────────┬──────────┐
│ 模型     ┆ 正向 log loss ┆ 正向排名 ┆ 反向 log loss ┆ 反向排名 ┆ 排名一致 │
│ ---      ┆ ---           ┆ ---      ┆ ---           ┆ ---      ┆ ---      │
│ str      ┆ f64           ┆ i64      ┆ f64           ┆ i64      ┆ str      │
╞══════════╪═══════════════╪══════════╪═══════════════╪══════════╪══════════╡
│ CatBoost ┆ 0.15367       ┆ 1        ┆ 0.11499       ┆ 1        ┆ ✅       │
│ 三者平均 ┆ 0.15459       ┆ 2        ┆ 0.11517       ┆ 2        ┆ ✅       │
│ LightGBM ┆ 0.15705       ┆ 3        ┆ 0.11693       ┆ 3        ┆ ✅       │
│ XGBoost  ┆ 0.15726       ┆ 4        ┆ 0.11717       ┆ 4        ┆ ✅       │
└──────────┴───────────────┴──────────┴───────────────┴──────────┴──────────┘

--- 逐對比較（差距以 M1/M2 實測的 5-fold 標準差 σ=0.00084 為單位）---
shape: (6, 5)
┌──────────────────────┬───────────┬───────────┬──────────┬──────┐
│ 對比                 ┆ 正向差距σ ┆ 反向差距σ ┆ 方向一致 ┆ 判定 │
│ ---                  ┆ ---       ┆ ---       ┆ ---      ┆ ---  │
│ str                  ┆ f64       ┆ f64       ┆ str      ┆ str  │
╞══════════════════════╪═══════════╪═══════════╪══════════╪══════╡
│ LightGBM vs XGBoost  ┆ -0.43     ┆ -0.51     ┆ ✅       ┆ 雜訊 │
│ LightGBM vs CatBoost ┆ 7.05      ┆ 4.03      ┆ ✅       ┆ 可信 │
│ LightGBM vs 三者平均 ┆ 5.13      ┆ 3.67      ┆ ✅       ┆ 可信 │
│ XGBoost vs CatBoost  ┆ 7.48      ┆ 4.54      ┆ ✅       ┆ 可信 │
│ XGBoost vs 三者平均  ┆ 5.56      ┆ 4.18      ┆ ✅       ┆ 可信 │
│ CatBoost vs 三者平均 ┆ -1.92     ┆ -0.36     ┆ ✅       ┆ 存疑 │
└──────────────────────┴───────────┴───────────┴──────────┴──────┘

三家極差　正向 0.00359（7.5σ） · 反向 0.00218（4.5σ）

==============================================================================
結論
==============================================================================
✅ 兩個方向都成立、且都超過 1σ 的比較：LightGBM vs CatBoost、LightGBM vs 三者平均、XGBoost vs CatBoost、XGBoost vs 三者平均
⚪ 差距在雜訊範圍內、分不出高下：LightGBM vs XGBoost

⚠️ 反向（Mar → Feb）是時間倒流，**不是部署估計**。headline 一律用
   正向的 Feb → Mar 分數，反向只用於本表的穩健性判斷。


--- stderr ---
