$ python scripts/business_value.py

載入 cohort（收聽特徵：啟用）...
  收聽特徵覆蓋 feb 81.56% · mar 82.01%
  訓練 feb 992,912 列 × 61 特徵，流失率 6.3915%
  驗證 mar 970,959 列 × 61 特徵，流失率 8.9941%

訓練中（catboost，§7.12 正式採用的模型）...
  停在第 1404 輪　Mar log loss 0.15367

========================================================================================
一、LTV 的推導（只有「預期續訂月數」是假設）
========================================================================================
  月費（Mar cohort 實付平均）           131.3 元
  預期續訂月數 = 1 / Feb 流失率           15.6 個月（Feb 6.3915%）
  LTV_saved                              2054 元

  ⚠️ 若改用 Mar 的流失率（8.9941%）會得到 1460 元 —— 但那是評估集的標籤，
     拿它設業務常數等於用到答案。差距落在 C_offer 的掃描區間內。

  投放門檻 p* = 150 / (0.15 × 2054) = **0.4868**

  ⚠️ catboost 在 **Mar 全體 cohort** 的平均預測流失率 6.5521% vs 實際 8.9941%（-27.15%）
     這是一個關於**全體平均**的數字，不能套到個別用戶、個別風險區間、
     投放名單，也不能套到淨收益（C_offer 是固定成本，不隨機率縮放）。
     投放名單自己的偏差另外報，見第二節。

========================================================================================
二、期望模擬淨收益曲線（基準情境）
========================================================================================
  依期望曲線（部署時唯一能用的依據）：投放前 5.0%（48,548 人，門檻機率 0.4895）
    期望模擬淨收益    4,962,931 元　標籤結算    5,535,298 元
    命中率 85.69%　lift 9.53

  事後最佳（只能回顧，部署時不知道）：投放前 7.4%（71,851 人）
    標籤結算模擬淨收益    5,792,753 元

  **門檻偏保守的代價：257,456 元** —— 照期望曲線選門檻，在標籤結算下比事後最佳少這麼多。
  方向與 SPEC §6.1 的預告一致：低估流失風險 → 門檻設得過於保守。

----------------------------------------------------------------------------------------
  模型選定的前 5.0% 名單（48,548 人）自己的偏差
----------------------------------------------------------------------------------------
    平均預測 81.8600%　實際流失率 85.6863%　相對偏差 **-4.47%**
      ↑ 與全體的 -27.15% **不同** —— 這正是「不能把全體偏差套到子集」的實證。

    期望模擬淨收益           4,962,931 元
    標籤結算模擬淨收益       5,535,298 元
    差距                      +572,367 元（+11.53%）

    ⚠️ 淨收益的差距（+11.53%）與機率的相對偏差（-4.47%）不相等，
       因為 C_offer 是固定成本、不隨機率縮放。**兩者不可互相換算。**

========================================================================================
三、分群（SPEC §4.5 第 3 點：模型必須贏過「對所有新客發優惠」）
========================================================================================
shape: (3, 9)
┌──────────┬────────┬──────────────┬──────────┬──────────┬────────────────┬────────────────────┬────────┬───────┐
│ 分群     ┆ 人數   ┆ 最佳投放比例 ┆ 投放人數 ┆ 門檻機率 ┆ 期望模擬淨收益 ┆ 標籤結算模擬淨收益 ┆ 命中率 ┆ lift  │
│ ---      ┆ ---    ┆ ---          ┆ ---      ┆ ---      ┆ ---            ┆ ---                ┆ ---    ┆ ---   │
│ str      ┆ i64    ┆ f64          ┆ i64      ┆ f64      ┆ i64            ┆ i64                ┆ f64    ┆ f64   │
╞══════════╪════════╪══════════════╪══════════╪══════════╪════════════════╪════════════════════╪════════╪═══════╡
│ 全體     ┆ 970959 ┆ 0.05         ┆ 48548    ┆ 0.4895   ┆ 4962931        ┆ 5535298            ┆ 0.8569 ┆ 9.53  │
│ 重複用戶 ┆ 881693 ┆ 0.032        ┆ 28214    ┆ 0.4995   ┆ 3284876        ┆ 3462589            ┆ 0.8851 ┆ 15.08 │
│ 新進用戶 ┆ 89266  ┆ 0.224        ┆ 19996    ┆ 0.4869   ┆ 1676935        ┆ 2071952            ┆ 0.8231 ┆ 2.07  │
└──────────┴────────┴──────────────┴──────────┴──────────┴────────────────┴────────────────────┴────────┴───────┘

  不需模型的規則「全部新進用戶」：投放 89,266 人（9.2%）　標籤結算模擬淨收益 -2,432,833 元　lift 4.43
  模型排序在同樣的預算下標籤結算模擬淨收益 5,535,298 元　→ ✅ 模型勝出

========================================================================================
四、敏感度：最佳投放比例如何隨假設變動
========================================================================================
shape: (48, 5)
┌────────┬─────────┬────────┬──────────────┬──────────┐
│ r_save ┆ c_offer ┆ p*     ┆ 最佳投放比例 ┆ 投放人數 │
│ ---    ┆ ---     ┆ ---    ┆ ---          ┆ ---      │
│ f64    ┆ i64     ┆ f64    ┆ f64          ┆ i64      │
╞════════╪═════════╪════════╪══════════════╪══════════╡
│ 0.05   ┆ 10      ┆ 0.0974 ┆ 0.1215       ┆ 117983   │
│ 0.05   ┆ 30      ┆ 0.2921 ┆ 0.0767       ┆ 74512    │
│ 0.05   ┆ 50      ┆ 0.4868 ┆ 0.0503       ┆ 48853    │
│ 0.05   ┆ 100     ┆ 0.9736 ┆ 0.018        ┆ 17478    │
│ 0.05   ┆ 150     ┆ 1.4605 ┆ 0.0          ┆ 0        │
│ 0.05   ┆ 200     ┆ 1.9473 ┆ 0.0          ┆ 0        │
│ 0.05   ┆ 250     ┆ 2.4341 ┆ 0.0          ┆ 0        │
│ 0.05   ┆ 300     ┆ 2.9209 ┆ 0.0          ┆ 0        │
│ 0.1    ┆ 10      ┆ 0.0487 ┆ 0.1472       ┆ 142882   │
│ 0.1    ┆ 30      ┆ 0.146  ┆ 0.1072       ┆ 104116   │
│ 0.1    ┆ 50      ┆ 0.2434 ┆ 0.0848       ┆ 82347    │
│ 0.1    ┆ 100     ┆ 0.4868 ┆ 0.0503       ┆ 48853    │
│ 0.1    ┆ 150     ┆ 0.7302 ┆ 0.0324       ┆ 31436    │
│ 0.1    ┆ 200     ┆ 0.9736 ┆ 0.018        ┆ 17478    │
│ 0.1    ┆ 250     ┆ 1.2171 ┆ 0.0          ┆ 0        │
│ 0.1    ┆ 300     ┆ 1.4605 ┆ 0.0          ┆ 0        │
│ 0.15   ┆ 10      ┆ 0.0325 ┆ 0.1679       ┆ 163033   │
│ 0.15   ┆ 30      ┆ 0.0974 ┆ 0.1215       ┆ 117983   │
│ 0.15   ┆ 50      ┆ 0.1623 ┆ 0.103        ┆ 100008   │
│ 0.15   ┆ 100     ┆ 0.3245 ┆ 0.072        ┆ 69870    │
│ 0.15   ┆ 150     ┆ 0.4868 ┆ 0.0503       ┆ 48853    │
│ 0.15   ┆ 200     ┆ 0.6491 ┆ 0.0363       ┆ 35261    │
│ 0.15   ┆ 250     ┆ 0.8114 ┆ 0.0292       ┆ 28383    │
│ 0.15   ┆ 300     ┆ 0.9736 ┆ 0.018        ┆ 17478    │
│ 0.2    ┆ 10      ┆ 0.0243 ┆ 0.1931       ┆ 187470   │
│ 0.2    ┆ 30      ┆ 0.073  ┆ 0.1316       ┆ 127731   │
│ 0.2    ┆ 50      ┆ 0.1217 ┆ 0.1139       ┆ 110619   │
│ 0.2    ┆ 100     ┆ 0.2434 ┆ 0.0848       ┆ 82347    │
│ 0.2    ┆ 150     ┆ 0.3651 ┆ 0.0661       ┆ 64138    │
│ 0.2    ┆ 200     ┆ 0.4868 ┆ 0.0503       ┆ 48853    │
│ 0.2    ┆ 250     ┆ 0.6085 ┆ 0.039        ┆ 37854    │
│ 0.2    ┆ 300     ┆ 0.7302 ┆ 0.0324       ┆ 31436    │
│ 0.25   ┆ 10      ┆ 0.0195 ┆ 0.2197       ┆ 213346   │
│ 0.25   ┆ 30      ┆ 0.0584 ┆ 0.1399       ┆ 135827   │
│ 0.25   ┆ 50      ┆ 0.0974 ┆ 0.1215       ┆ 117983   │
│ 0.25   ┆ 100     ┆ 0.1947 ┆ 0.0949       ┆ 92141    │
│ 0.25   ┆ 150     ┆ 0.2921 ┆ 0.0767       ┆ 74512    │
│ 0.25   ┆ 200     ┆ 0.3895 ┆ 0.0628       ┆ 60999    │
│ 0.25   ┆ 250     ┆ 0.4868 ┆ 0.0503       ┆ 48853    │
│ 0.25   ┆ 300     ┆ 0.5842 ┆ 0.0408       ┆ 39634    │
│ 0.3    ┆ 10      ┆ 0.0162 ┆ 0.2451       ┆ 237954   │
│ 0.3    ┆ 30      ┆ 0.0487 ┆ 0.1472       ┆ 142882   │
│ 0.3    ┆ 50      ┆ 0.0811 ┆ 0.1277       ┆ 123976   │
│ 0.3    ┆ 100     ┆ 0.1623 ┆ 0.103        ┆ 100008   │
│ 0.3    ┆ 150     ┆ 0.2434 ┆ 0.0848       ┆ 82347    │
│ 0.3    ┆ 200     ┆ 0.3245 ┆ 0.072        ┆ 69870    │
│ 0.3    ┆ 250     ┆ 0.4057 ┆ 0.0606       ┆ 58862    │
│ 0.3    ┆ 300     ┆ 0.4868 ┆ 0.0503       ┆ 48853    │
└────────┴─────────┴────────┴──────────────┴──────────┘

  48 組假設裡有 42 組的標籤結算模擬淨收益為正（88%）。

產生圖表...
    圖已存 → reports/figures/12_expected_net_revenue.png
    圖已存 → reports/figures/13_sensitivity_heatmap.png
    摘要已存 → reports/business_value.json

========================================================================================
讀法
========================================================================================
  決策只取決於 p* = C_offer / (r_save × LTV)，三個參數的不確定性互相吸收。
  基準情境門檻高，最佳投放比例小 —— **「多數情況不該大規模投放」本身就是結論**，
  不是參數沒調好。

  ⚠️ 所有金額用的是**未校準**機率（SPEC §7.10 決定不上線校準器），
     且系統性偏低 —— 讀者知道它偏保守，曲線仍然可用。


--- stderr ---
