$ python scripts/calibration_report.py

載入 cohort（收聽特徵：啟用）...
  收聽特徵覆蓋 feb 81.56% · mar 82.01%
  訓練 feb 992,912 列 × 61 特徵，流失率 6.3915%
  驗證 mar 970,959 列 × 61 特徵，流失率 8.9941%
  Feb 三段切分：訓練 695,435 · early stopping 148,540 · 保留給校準器 148,937（本步驟不使用）

訓練中（catboost，§7.12 正式採用的模型）...
  停在第 1731 輪，Mar log loss 0.15388

==============================================================================
校準診斷 · Mar cohort（校準器尚未套用）
==============================================================================
shape: (3, 9)
┌──────────┬────────┬────────────┬──────────┬───┬──────────┬──────────┬─────────┬─────────┐
│ 分群     ┆ 人數   ┆ 實際流失率 ┆ 平均預測 ┆ … ┆ log loss ┆ Brier    ┆ ECE     ┆ MCE     │
│ ---      ┆ ---    ┆ ---        ┆ ---      ┆   ┆ ---      ┆ ---      ┆ ---     ┆ ---     │
│ str      ┆ i64    ┆ f64        ┆ f64      ┆   ┆ f64      ┆ f64      ┆ f64     ┆ f64     │
╞══════════╪════════╪════════════╪══════════╪═══╪══════════╪══════════╪═════════╪═════════╡
│ 全體     ┆ 970959 ┆ 0.08994    ┆ 0.06567  ┆ … ┆ 0.15388  ┆ 0.041068 ┆ 0.02427 ┆ 0.08554 │
│ 重複用戶 ┆ 881693 ┆ 0.05871    ┆ 0.04454  ┆ … ┆ 0.11749  ┆ 0.028459 ┆ 0.01417 ┆ 0.05267 │
│ 新進用戶 ┆ 89266  ┆ 0.39837    ┆ 0.27438  ┆ … ┆ 0.51327  ┆ 0.165602 ┆ 0.12399 ┆ 0.28987 │
└──────────┴────────┴────────────┴──────────┴───┴──────────┴──────────┴─────────┴─────────┘

--- 全體 reliability 曲線（等量分箱，每箱約 9.7 萬人）---
shape: (10, 5)
┌─────┬──────────┬────────────┬──────────┬────────┐
│ bin ┆ 平均預測 ┆ 實際流失率 ┆ 差距     ┆ 樣本數 │
│ --- ┆ ---      ┆ ---        ┆ ---      ┆ ---    │
│ i64 ┆ f64      ┆ f64        ┆ f64      ┆ i64    │
╞═════╪══════════╪════════════╪══════════╪════════╡
│ 1   ┆ 0.00002  ┆ 0.0005     ┆ -0.00048 ┆ 97096  │
│ 2   ┆ 0.00003  ┆ 0.00008    ┆ -0.00005 ┆ 96985  │
│ 3   ┆ 0.00004  ┆ 0.00014    ┆ -0.00011 ┆ 97207  │
│ 4   ┆ 0.00005  ┆ 0.00051    ┆ -0.00046 ┆ 97096  │
│ 5   ┆ 0.00009  ┆ 0.0007     ┆ -0.00061 ┆ 97072  │
│ 6   ┆ 0.00117  ┆ 0.02437    ┆ -0.0232  ┆ 97119  │
│ 7   ┆ 0.00731  ┆ 0.05608    ┆ -0.04877 ┆ 97096  │
│ 8   ┆ 0.01616  ┆ 0.04603    ┆ -0.02987 ┆ 97096  │
│ 9   ┆ 0.06447  ┆ 0.11804    ┆ -0.05357 ┆ 97096  │
│ 10  ┆ 0.5674   ┆ 0.65294    ┆ -0.08554 ┆ 97096  │
└─────┴──────────┴────────────┴──────────┴────────┘

產生圖表...
    圖已存 → reports/figures/09_reliability_diagram.png
    圖已存 → reports/figures/10_calibration_by_decile.png

==============================================================================
讀法
==============================================================================
整體：平均預測 6.5674% vs 實際 8.9941%　→ 相對偏差 -26.98%

這個偏差會等比例縮小 SPEC §6.1 的每一筆期望收益
（E[淨收益] = p_churn × r_save × LTV − C_offer 是**乘上** p_churn），
使投放門檻設得過於保守 —— 這就是 M4 要修的東西。

⚠️ 下一步才 fit 校準器，而且要 fit 在 Feb-sel（模型與 early stopping
   都沒看過的那一塊）。fit 在 Mar 上會讓這張圖變漂亮，但那是拿
   驗證集調自己的成績單 —— M3 的 §7.5 第 6 項剛修掉同一個錯。


--- stderr ---
