$ python scripts/calibrate.py

載入 cohort（收聽特徵：啟用）...
  收聽特徵覆蓋 feb 81.56% · mar 82.01%
  訓練 feb 992,912 列 × 61 特徵，流失率 6.3915%
  驗證 mar 970,959 列 × 61 特徵，流失率 8.9941%
  Feb 三段切分：訓練 695,435 · early stopping 148,540 · 校準 148,937

訓練中（catboost，§7.12 正式採用的模型）...
  停在第 1731 輪

========================================================================================
一、Feb-sel 的校準診斷（校準器 fit 在這一塊，所以先看它自己準不準）
========================================================================================
shape: (1, 11)
┌─────────┬────────┬────────────┬──────────┬──────────┬──────────┬──────────┬─────────┬─────────┬──────┬─────────┐
│ 分群    ┆ 人數   ┆ 實際流失率 ┆ 平均預測 ┆ 相對偏差 ┆ log loss ┆ Brier    ┆ ECE     ┆ MCE     ┆ 箱數 ┆ AUC     │
│ ---     ┆ ---    ┆ ---        ┆ ---      ┆ ---      ┆ ---      ┆ ---      ┆ ---     ┆ ---     ┆ ---  ┆ ---     │
│ str     ┆ i64    ┆ f64        ┆ f64      ┆ f64      ┆ f64      ┆ f64      ┆ f64     ┆ f64     ┆ i64  ┆ f64     │
╞═════════╪════════╪════════════╪══════════╪══════════╪══════════╪══════════╪═════════╪═════════╪══════╪═════════╡
│ Feb-sel ┆ 148937 ┆ 0.06391    ┆ 0.06417  ┆ 0.004    ┆ 0.07721  ┆ 0.022591 ┆ 0.00029 ┆ 0.00088 ┆ 10   ┆ 0.98019 │
└─────────┴────────┴────────────┴──────────┴──────────┴──────────┴──────────┴─────────┴─────────┴──────┴─────────┘

========================================================================================
二、fit 出來的映射
========================================================================================
  樣本 148,937 筆　相異風險等級 81 個
  下界 5.896e-06（零區塊 84,800 筆）　上界 0.999492
  ↑ 零區塊代表校準集裡有一段完全沒有正例。輸出 0 會讓 log loss 踩到
    1e-15 的 clip（單筆 34.5），所以下界取 Jeffreys 後驗均值。

========================================================================================
三、Mar cohort：校準前 vs 校準後
========================================================================================

【校準品質】平均預測貼不貼近實際發生率
shape: (9, 9)
┌──────────────┬──────────┬────────┬────────────┬──────────┬──────────┬─────────┬─────────┬──────┐
│ 階段         ┆ 分群     ┆ 人數   ┆ 實際流失率 ┆ 平均預測 ┆ 相對偏差 ┆ ECE     ┆ MCE     ┆ 箱數 │
│ ---          ┆ ---      ┆ ---    ┆ ---        ┆ ---      ┆ ---      ┆ ---     ┆ ---     ┆ ---  │
│ str          ┆ str      ┆ i64    ┆ f64        ┆ f64      ┆ f64      ┆ f64     ┆ f64     ┆ i64  │
╞══════════════╪══════════╪════════╪════════════╪══════════╪══════════╪═════════╪═════════╪══════╡
│ 校準前       ┆ 全體     ┆ 970959 ┆ 0.08994    ┆ 0.06567  ┆ -0.2698  ┆ 0.02427 ┆ 0.08554 ┆ 10   │
│ 校準後       ┆ 全體     ┆ 970959 ┆ 0.08994    ┆ 0.06545  ┆ -0.2723  ┆ 0.02449 ┆ 0.08647 ┆ 5    │
│ ⚠️Mar-oracle ┆ 全體     ┆ 970959 ┆ 0.08994    ┆ 0.09615  ┆ 0.069    ┆ 0.00621 ┆ 0.01078 ┆ 3    │
│ 校準前       ┆ 重複用戶 ┆ 881693 ┆ 0.05871    ┆ 0.04454  ┆ -0.2413  ┆ 0.01417 ┆ 0.05267 ┆ 10   │
│ 校準後       ┆ 重複用戶 ┆ 881693 ┆ 0.05871    ┆ 0.04436  ┆ -0.2445  ┆ 0.01436 ┆ 0.03553 ┆ 4    │
│ ⚠️Mar-oracle ┆ 重複用戶 ┆ 881693 ┆ 0.05871    ┆ 0.07134  ┆ 0.215    ┆ 0.01262 ┆ 0.04398 ┆ 3    │
│ 校準前       ┆ 新進用戶 ┆ 89266  ┆ 0.39837    ┆ 0.27438  ┆ -0.3112  ┆ 0.12399 ┆ 0.28987 ┆ 10   │
│ 校準後       ┆ 新進用戶 ┆ 89266  ┆ 0.39837    ┆ 0.27376  ┆ -0.3128  ┆ 0.12461 ┆ 0.29041 ┆ 8    │
│ ⚠️Mar-oracle ┆ 新進用戶 ┆ 89266  ┆ 0.39837    ┆ 0.3412   ┆ -0.1435  ┆ 0.05966 ┆ 0.14865 ┆ 8    │
└──────────────┴──────────┴────────┴────────────┴──────────┴──────────┴─────────┴─────────┴──────┘

【機率品質與排序】log loss 同時受兩者影響，AUC 只看排序
shape: (9, 5)
┌──────────────┬──────────┬──────────┬──────────┬─────────┐
│ 階段         ┆ 分群     ┆ log loss ┆ Brier    ┆ AUC     │
│ ---          ┆ ---      ┆ ---      ┆ ---      ┆ ---     │
│ str          ┆ str      ┆ f64      ┆ f64      ┆ f64     │
╞══════════════╪══════════╪══════════╪══════════╪═════════╡
│ 校準前       ┆ 全體     ┆ 0.15388  ┆ 0.041068 ┆ 0.94591 │
│ 校準後       ┆ 全體     ┆ 0.15955  ┆ 0.041108 ┆ 0.94491 │
│ ⚠️Mar-oracle ┆ 全體     ┆ 0.14032  ┆ 0.039212 ┆ 0.94705 │
│ 校準前       ┆ 重複用戶 ┆ 0.11749  ┆ 0.028459 ┆ 0.93584 │
│ 校準後       ┆ 重複用戶 ┆ 0.12278  ┆ 0.028502 ┆ 0.93456 │
│ ⚠️Mar-oracle ┆ 重複用戶 ┆ 0.11059  ┆ 0.028417 ┆ 0.93807 │
│ 校準前       ┆ 新進用戶 ┆ 0.51327  ┆ 0.165602 ┆ 0.87206 │
│ 校準後       ┆ 新進用戶 ┆ 0.52272  ┆ 0.165622 ┆ 0.87168 │
│ ⚠️Mar-oracle ┆ 新進用戶 ┆ 0.43395  ┆ 0.145831 ┆ 0.87175 │
└──────────────┴──────────┴──────────┴──────────┴─────────┘

========================================================================================
四、代價：校準壓掉了多少排序解析度
========================================================================================
shape: (2, 4)
┌────────┬──────────┬────────────────┬──────────────────┐
│ 階段   ┆ 相異值數 ┆ 最大同分組佔比 ┆ 有同分的樣本佔比 │
│ ---    ┆ ---      ┆ ---            ┆ ---              │
│ str    ┆ i64      ┆ f64            ┆ f64              │
╞════════╪══════════╪════════════════╪══════════════════╡
│ 校準前 ┆ 822730   ┆ 0.005876       ┆ 0.158572         │
│ 校準後 ┆ 792      ┆ 0.570341       ┆ 0.99927          │
└────────┴──────────┴────────────────┴──────────────────┘

  踩到下界的有 553,778 人（57.03%），其中 482 人實際流失
  這群人若被指派 0（沒有下界的話），單這一段就會讓 log loss 增加約 0.0171

========================================================================================
五、log loss 的惡化來自哪一段
========================================================================================
shape: (2, 8)
┌──────────┬────────┬────────┬────────────┬────────────────┬────────────────┬──────────┬──────────┐
│ 區段     ┆ 人數   ┆ 佔比   ┆ 實際流失率 ┆ 校準前平均預測 ┆ 校準後平均預測 ┆ 貢獻(前) ┆ 貢獻(後) │
│ ---      ┆ ---    ┆ ---    ┆ ---        ┆ ---            ┆ ---            ┆ ---      ┆ ---      │
│ str      ┆ i64    ┆ f64    ┆ f64        ┆ f64            ┆ f64            ┆ f64      ┆ f64      │
╞══════════╪════════╪════════╪════════════╪════════════════╪════════════════╪══════════╪══════════╡
│ 下界區塊 ┆ 553778 ┆ 0.5703 ┆ 0.00087    ┆ 0.000083       ┆ 0.000006       ┆ 0.00419  ┆ 0.00598  │
│ 其餘     ┆ 417181 ┆ 0.4297 ┆ 0.20818    ┆ 0.152743       ┆ 0.152316       ┆ 0.14968  ┆ 0.15356  │
└──────────┴────────┴────────┴────────────┴────────────────┴────────────────┴──────────┴──────────┘

產生圖表...
    圖已存 → reports/figures/11_calibration_before_after.png

========================================================================================
讀法
========================================================================================
Feb-sel 基準率 6.3913%　→　Mar 基準率 8.9941%（漂移 +40.7%）
Feb-sel 相對偏差 +0.40%　→　校準器只看得到這個，也只修得掉這個
Mar 相對偏差 -26.98% → -27.23%（修掉 -0.25%）
Mar ECE 0.02427 → 0.02449　洩漏對照組 0.00621


--- stderr ---
